
running 0 tests

test result: ok. 0 passed; 0 failed; 0 ignored; 0 measured; 18 filtered out; finished in 0.00s

